// Jest Snapshot v1, https://goo.gl/fbAQLP

exports[`renders correctly 1`] = `
<RCTSafeAreaView
  emulateUnlessSupported={true}
  style={
    Object {
      "backgroundColor": "#324165",
      "borderRadius": 5.649635036496351,
      "margin": 11.299270072992702,
      "marginTop": 5.649635036496351,
      "paddingBottom": 11.299270072992702,
    }
  }
>
  <View
    style={Object {}}
  >
    <Image
      source={
        Object {
          "uri": undefined,
        }
      }
      style={
        Object {
          "borderTopLeftRadius": 5.649635036496351,
          "borderTopRightRadius": 5.649635036496351,
          "height": 197.73722627737226,
          "marginLeft": 0.07062043795620437,
          "marginRight": 0.07062043795620437,
          "width": "100%",
        }
      }
    />
  </View>
  <View
    style={
      Object {
        "flexDirection": "column",
        "marginBottom": 8.474452554744525,
        "paddingHorizontal": 8.474452554744525,
      }
    }
  >
    <Text
      style={
        Object {
          "color": "#FFFFFF",
          "fontFamily": "Montserrat-Bold",
          "fontSize": 21.186131386861312,
          "marginBottom": 14.124087591240876,
          "marginTop": 12.005474452554743,
        }
      }
    />
    <Text
      style={
        Object {
          "color": "#FFFFFF",
          "fontFamily": "Montserrat-Bold",
          "fontSize": 21.186131386861312,
          "marginBottom": 14.124087591240876,
          "marginTop": 12.005474452554743,
        }
      }
    />
    <Text
      style={
        Object {
          "color": "#FFFFFF",
          "fontFamily": "Montserrat-Medium",
          "fontSize": 21.186131386861312,
        }
      }
    />
  </View>
  <View
    style={
      Object {
        "flexDirection": "row",
        "justifyContent": "space-between",
        "paddingHorizontal": 8.474452554744525,
      }
    }
  >
    <Text
      style={
        Object {
          "color": "#9ea6b5",
          "fontFamily": "Montserrat-Regular",
          "fontSize": 21.186131386861312,
          "marginRight": 5.649635036496351,
        }
      }
    />
    <Text
      style={
        Object {
          "color": "#9ea6b5",
          "fontFamily": "Montserrat-Regular",
          "fontSize": 18.361313868613138,
        }
      }
    >
       ago
    </Text>
  </View>
</RCTSafeAreaView>
`;
