// Jest Snapshot v1, https://goo.gl/fbAQLP

exports[`renders correctly 1`] = `
<LinearGradient
  colors={
    Array [
      "#1D2842",
      "#3d4b6e",
    ]
  }
  end={
    Object {
      "x": 0.1,
      "y": 0.1,
    }
  }
  start={
    Object {
      "x": 0.1,
      "y": 1,
    }
  }
  style={
    Object {
      "flex": 1,
    }
  }
>
  <KeyboardAvoidingView
    behavior="padding"
    enabled={true}
    keyboardVerticalOffset={0}
    style={
      Object {
        "flex": 1,
      }
    }
  >
    <ForwardRef(SafeAreaView)
      style={
        Object {
          "flex": 1,
          "padding": 11.299270072992702,
          "paddingHorizontal": 33.8978102189781,
        }
      }
    >
      <ScrollView>
        <TouchableWithoutFeedback
          onPress={[Function]}
        >
          <Formik
            initialValues={
              Object {
                "email": "",
              }
            }
            onSubmit={[Function]}
            validationSchema={
              ObjectSchema {
                "_blacklist": ReferenceSet {
                  "list": Set {},
                  "refs": Map {},
                },
                "_excludedEdges": Array [],
                "_mutate": undefined,
                "_nodes": Array [
                  "email",
                ],
                "_sortErrors": [Function],
                "_typeError": [Function],
                "_whitelist": ReferenceSet {
                  "list": Set {},
                  "refs": Map {},
                },
                "conditions": Array [],
                "deps": Array [],
                "exclusiveTests": Object {},
                "fields": Object {
                  "email": StringSchema {
                    "_blacklist": ReferenceSet {
                      "list": Set {},
                      "refs": Map {},
                    },
                    "_blacklistError": undefined,
                    "_typeError": [Function],
                    "_whitelist": ReferenceSet {
                      "list": Set {},
                      "refs": Map {},
                    },
                    "_whitelistError": undefined,
                    "conditions": Array [],
                    "deps": Array [],
                    "exclusiveTests": Object {
                      "email": false,
                      "required": true,
                    },
                    "spec": Object {
                      "abortEarly": true,
                      "label": undefined,
                      "meta": undefined,
                      "nullable": false,
                      "presence": "required",
                      "recursive": true,
                      "strict": false,
                      "strip": false,
                    },
                    "tests": Array [
                      [Function],
                      [Function],
                    ],
                    "transforms": Array [
                      [Function],
                    ],
                    "type": "string",
                  },
                },
                "spec": Object {
                  "abortEarly": true,
                  "label": undefined,
                  "meta": undefined,
                  "nullable": false,
                  "presence": "optional",
                  "recursive": true,
                  "strict": false,
                  "strip": false,
                },
                "tests": Array [],
                "transforms": Array [
                  [Function],
                ],
                "type": "object",
              }
            }
          >
            [Function]
          </Formik>
        </TouchableWithoutFeedback>
      </ScrollView>
    </ForwardRef(SafeAreaView)>
  </KeyboardAvoidingView>
</LinearGradient>
`;
